      January               February      
Su Mo Tu We Th Fr Sa  Su Mo Tu We Th Fr Sa
         ON  2  3  4                    ON
 5  6  7  8  9 10 11   2  3  4  5  6  7  8
12 13 14 15 16 17 18   9 10 11 12 13 14 15
19 20 21 22 23 24 25  16 17 18 19 20 21 22
26 27 28 29 30 31     23 24 25 26 27 28   
                                          

       March                 April        
Su Mo Tu We Th Fr Sa  Su Mo Tu We Th Fr Sa
                  ON        ON  2  3  4  5
 2  3  4  5  6  7  8   6  7  8  9 10 11 12
 9 10 11 12 13 14 15  13 14 15 16 17 18 19
16 17 18 19 20 21 22  20 21 22 23 24 25 26
23 24 25 26 27 28 29  27 28 29 30         
30 31                                     

        May                   June        
Su Mo Tu We Th Fr Sa  Su Mo Tu We Th Fr Sa
            ON  2  3  ON  2  3  4  5  6  7
 4  5  6  7  8  9 10   8  9 10 11 12 13 14
11 12 13 14 15 16 17  15 16 17 18 19 20 21
18 19 20 21 22 23 24  22 23 24 25 26 27 28
25 26 27 28 29 30 31  29 30               
                                          
