      January       
Su Mo Tu We Th Fr Sa
          1  2 WE WE
 5  6  7  8  9 WE WE
12 13 14 15 16 WE WE
19 20 21 22 23 WE WE
26 27 28 29 30 WE   
                    